FIELD_1,FIELD_2,FIELD_3,FIELD_4,FIELD_5,FIELD_6,FIELD_7
20322051544,1979,8.8017226E7,ABC,45,2000-01-01,new_field
28392898392,1974,8.8392926E7,DEF,23,2050-11-27,new_field